// Jest Snapshot v1, https://goo.gl/fbAQLP

exports[`NumberInput renders correctly with minimum props 1`] = `
<View
  style={
    Array [
      Object {
        "paddingHorizontal": 60,
        "paddingVertical": 15,
      },
      undefined,
    ]
  }
>
  <TextInput
    allowFontScaling={true}
    autoFocus={false}
    keyboardType="default"
    maxLength={6}
    onChangeText={[MockFunction]}
    onSubmitEditing={[MockFunction]}
    placeholder=""
    rejectResponderTermination={true}
    secureTextEntry={false}
    style={
      Array [
        Object {
          "borderColor": "#D1D5D8",
          "borderRadius": 3,
          "borderWidth": 1,
          "fontSize": 24,
          "padding": 7,
        },
        Object {
          "backgroundColor": "#FFFFFF",
          "textAlign": "center",
        },
      ]
    }
    textContentType="none"
    underlineColorAndroid="transparent"
    value=""
  />
</View>
`;
